id,name,country
1,James Lee,United States
3,Eddie Acevedo,United States
2051,Ethan Burgess,United States
4,Scott Barnett,United States
4104,Courtney Cooper,United States
6153,Alan Berry,United States
4107,Mark Gomez,United States
4111,Antonio Allen Jr.,United States
18,Erin Nicholson,United States
4116,Matthew Taylor,United States
6167,Joann Thomas,United States
24,Matthew Chandler,United States
8217,Jennifer Smith,United States
6170,Kimberly Ballard,United States
30,Dr. Olivia Cunningham,United States
2082,Troy Jackson,United States
38,Lisa Stanley,United States
8231,Melissa Miller,United States
2086,Ronald Thompson,United States
4138,Tina Kemp,United States
6193,Sara Hoffman,United States
2098,Jessica Hancock,United States
52,Mark Mckinney,United States
55,Amanda Peterson,United States
8251,Jamie Garrett,United States
6203,Kathleen Howard,United States
61,Judith Romero,United States
63,Paul Morgan,United States
6209,Terry Smith,United States
2117,Donna Harrison,United States
4169,Joseph Arnold,United States
8268,Amanda Foster,United States
2124,Gregory Williams,United States
4173,Zachary King,United States
4172,Michele Hickman,United States
8271,Pamela Farmer DDS,United States
8273,Ruben King,United States
2127,William Ballard,United States
2132,Dana Craig,United States
2133,Sheri Martin,United States
4184,Brittany Mathis,United States
2138,Lauren Williams,United States
4186,Gregory Carter,United States
6249,Johnny Powell,United States
4202,Christopher Kramer,United States
4203,Jessica Peterson,United States
105,Nathan Browning,United States
4208,Mary Scott,United States
8304,Andrea Boyle,United States
2163,Ronald Moreno,United States
8308,Mark Riley,United States
117,Lynn Daniels,United States
6262,Jeffrey Collins,United States
2166,Richard Weiss,United States
2168,David Rose,United States
116,Gordon Thornton,United States
2164,Charles Smith,United States
2171,Rachel Miles,United States
2174,Janet Marshall,United States
127,Thomas Fields,United States
128,Paige Yoder,United States
8322,William Moore,United States
4230,Henry Graves,United States
8328,Nicolas Duncan,United States
2185,Cody Chang,United States
6281,Kenneth Young,United States
138,Sharon Jacobson,United States
8332,Ashlee Lopez,United States
6286,Austin Simmons,United States
145,Dillon Kim,United States
4242,Heather Murphy,United States
6293,Johnathan Farmer,United States
6294,James Graham,United States
4247,Megan Terry,United States
150,Lauren Gomez,United States
4246,Kristy Ramirez,United States
2202,Jennifer Mccall,United States
6301,Brad Hancock,United States
4254,Benjamin Love,United States
159,Kaitlin Edwards,United States
6304,Tiffany Johnson,United States
2209,Calvin Haney,United States
6306,Jennifer Thomas,United States
4258,Sean Dixon,United States
4260,Steven Lozano,United States
163,Michelle Cummings,United States
4262,Kelly Colon,United States
6311,Melissa Hughes,United States
165,Robert Hess,United States
4267,Christopher Baker,United States
8363,Erin Erickson,United States
2221,Kelly Bryant,United States
4274,Nicole Cole,United States
4276,Mark Thompson,United States
8376,Stephanie Stewart,United States
6335,Cheryl Gibbs,United States
4292,Robin Boyd,United States
8390,Susan Taylor,United States
2249,Amy Miller,United States
203,April Hampton,United States
4300,Lawrence Hudson,United States
6351,James Cox,United States
207,Mallory Taylor,United States
2257,Catherine Martinez,United States
6357,Lawrence Williams,United States
216,Melissa Robles,United States
6362,Lindsay Bauer,United States
2268,Thomas Mcintosh,United States
6366,Jeremiah Munoz,United States
6367,Dawn Collins,United States
6371,Jody White,United States
8421,Dennis Avery,United States
230,Brent Johnson,United States
2281,Jared Vaughn,United States
234,Erica Gibbs,United States
2286,Melissa Alvarez,United States
6382,Kimberly Morales,United States
2289,Tammy Johnson,United States
241,Sara Miller,United States
250,Brett Donaldson,United States
8442,Jose Ballard,United States
2300,April Morgan,United States
253,Melissa Martin,United States
2304,Caitlin Frazier,United States
2308,Taylor Murphy,United States
6405,Tyler Garrett,United States
4356,Darrell Reid,United States
8456,Vincent Bell,United States
265,Jason Cox,United States
6410,Jasmine Townsend,United States
6409,Kevin Mcdaniel,United States
8462,Carolyn Hernandez,United States
271,Frank Smith,United States
2324,Timothy Berry,United States
8468,Christian Buchanan,United States
6422,Jennifer Bradley,United States
2331,Michelle Nielsen,United States
2334,Daniel Morales,United States
2335,Keith Bell,United States
2339,Steven Sanchez,United States
8486,Thomas Allen,United States
8489,Dr. Benjamin King,United States
2347,Joseph Daniels,United States
304,Penny Mcdowell,United States
6452,Levi Dillon,United States
8503,Mark Ferguson,United States
6463,Brianna Long,United States
4417,Monica Bray,United States
6468,Brian Murray,United States
8516,Christopher Wells,United States
8520,Thomas Hancock,United States
4424,Ashley Richardson,United States
6473,Hunter Kennedy,United States
331,Amy Wiley,United States
4429,Nathaniel Nguyen,United States
335,Andrew Arnold,United States
336,Jason Brooks,United States
6481,Chad Rodriguez,United States
2386,Andre Ray,United States
8533,Martin Mann,United States
4440,Jeffery Barber,United States
8539,Christian Martin,United States
6491,Chad Snyder,United States
8541,Lisa Roberts,United States
2397,Melinda Lang,United States
4446,Sara Ayala,United States
6496,Christopher Burton,United States
354,Kim Thomas,United States
6499,Patrick Peters,United States
8549,Thomas Gray,United States
357,John Torres,United States
2407,Jared Davis,United States
8552,Brittany Silva,United States
2416,Veronica Keith,United States
4465,Richard Wolfe,United States
4464,Lindsey Palmer,United States
373,Nicholas Jackson,United States
6520,Andrew Wilson,United States
8569,Nathan Flores,United States
2425,Jackie Horton,United States
2430,Robin Perez,United States
2431,Juan Kline,United States
8574,Katie Blackwell,United States
6527,Mason Jackson,United States
8580,Jennifer Guerrero MD,United States
6533,Deborah Matthews,United States
6534,Carolyn Alexander,United States
2438,James Lang,United States
8587,Jennifer Hall,United States
2448,Amanda Harvey,United States
8593,Jordan Pierce,United States
2450,Derek Hall,United States
8594,Eric Lynch,United States
4500,Joyce Rivers,United States
403,Keith Ortiz,United States
8603,John Olsen,United States
4509,Ian Davis,United States
414,Amy Wade,United States
418,Christina Johnson,United States
4515,Michael Guzman,United States
8614,Ashley Kennedy,United States
2474,Richard Brennan,United States
8619,Dana Jimenez,United States
426,Mrs. Alexa Kelly,United States
6573,Tammy Davis,United States
2479,Jay Stevenson,United States
2480,Shannon Thomas,United States
8625,Curtis Parsons,United States
436,Rachael Campbell,United States
437,Sandra Wilson,United States
6583,Sean Perez,United States
8631,Lynn Howard,United States
4537,William Saunders,United States
6590,Diane Garcia,United States
8643,Barbara Moore,United States
452,Natalie Spears,United States
457,Darryl Becker,United States
6605,Julie Murray,United States
8656,Yvonne Poole,United States
2513,James Collins,United States
4561,Joseph Smith,United States
6609,James Dodson,United States
4564,Jessica Williams,United States
2519,Jennifer Baker,United States
472,Cassandra White,United States
2521,Alyssa Benton,United States
4571,Joseph Anderson,United States
8670,Lisa Gaines,United States
481,John Abbott,United States
8674,Lisa Perry,United States
2530,Tammy Perez,United States
8680,John Smith,United States
6634,William Williams,United States
4587,Alyssa Reed,United States
4588,George Gibson,United States
493,Jose King,United States
8686,Brian Johnson,United States
2543,Raymond Taylor,United States
6640,William Flores,United States
2550,Jonathan Hansen,United States
503,Karen Hicks,United States
4601,Christopher Kelley,United States
6650,David Miller,United States
2554,Samantha Boyer,United States
2558,Gregory Rowe,United States
2559,Jeremy Barron,United States
2562,Tina Rowe,United States
8706,David Woods,United States
516,Jeremy Ward,United States
4617,Dr. Charles Decker,United States
2573,Chelsea Cantu,United States
4623,Barbara Brown,United States
531,George Howell,United States
8725,Steven Myers,United States
2583,Jon Jackson,United States
4632,Travis Barton,United States
540,Peter Gallegos,United States
6685,Garrett Stone,United States
2592,Sarah Aguilar,United States
8736,Michael Snyder,United States
545,Tanya George,United States
4643,John Munoz,United States
550,Nicholas Smith,United States
6694,David Sawyer,United States
8743,Mary Rodriguez,United States
8752,Kelli Middleton,United States
4660,Donna Vega,United States
4662,Corey Watson PhD,United States
6715,Jeanette Branch,United States
2622,William Jones,United States
576,Brian Moore,United States
8772,Tiffany Zimmerman,United States
581,Jacob Williams,United States
580,Brandon Gutierrez,United States
4677,Rachel Fernandez,United States
584,Tonya Barnett,United States
2632,Susan Parker,United States
6730,Andrea Jacobs,United States
8774,Nicole Harris,United States
588,Heather Miller,United States
8780,Robert Austin,United States
6736,Leah Mullen,United States
8784,John Rodriguez,United States
596,Shawn Pollard,United States
6740,Paul Pennington,United States
4699,Kevin Walls,United States
2653,Ethan Silva,United States
4703,Dr. Joseph Graham,United States
6752,Shane Wilson,United States
4712,Taylor Anderson,United States
619,Andre Thornton,United States
4716,Mark Baker,United States
8813,Eddie Jensen,United States
4717,Natasha Weaver,United States
2668,Jose Smith,United States
2671,Sabrina Walsh,United States
625,Chad Forbes,United States
2679,Justin Moses,United States
633,Darlene Garcia,United States
2683,Zachary Anderson,United States
2684,Ryan Walker,United States
637,Russell Robinson,United States
6783,Matthew Hall,United States
644,Michael Gonzales,United States
645,Nathan Kline,United States
6789,Kimberly Gonzalez,United States
4743,Erik Anderson,United States
4745,Paula Smith,United States
6794,Erin Brennan,United States
4746,Erica Miller,United States
4748,Robert Jackson,United States
6796,Dakota Spencer,United States
6793,Ann Shaw,United States
655,Barbara Watkins,United States
6801,Fred Phillips,United States
6802,Megan Mitchell,United States
8852,Adam Singleton,United States
4756,William Edwards,United States
663,Martha Mitchell,United States
664,Danielle Beasley,United States
8857,Debbie Brown,United States
2714,Douglas Perez,United States
666,Susan Patel,United States
665,Michelle Henderson,United States
6809,Anthony Mccarthy,United States
4768,Andre Miller,United States
4769,Clayton Anderson,United States
674,Steven Cox,United States
675,Joseph Porter,United States
8864,Jeffrey Terry,United States
2728,Carly Eaton,United States
2729,Christina Hernandez,United States
6828,Rachel Lopez,United States
688,Ms. Catherine Lin,United States
689,Tammy Thornton,United States
6832,Peter Anderson,United States
6835,Melanie Mcgee,United States
4788,Patricia Lindsey,United States
693,Michelle Smith,United States
691,Taylor Gonzalez,United States
6840,James Hughes,United States
4792,Joseph Garcia,United States
4794,Kim Nolan,United States
8893,Alexandra Burgess,United States
6845,James Craig,United States
6846,Dr. Mary Scott,United States
8896,Philip Willis,United States
6852,Shannon Gill,United States
4804,Robert Steele,United States
4805,Michael Prince,United States
4807,Linda Beard,United States
2756,Kyle Bell,United States
8905,Ronald Evans,United States
8908,Dawn Johnson,United States
4813,Taylor Foley,United States
717,Gina Turner,United States
8916,Robert Pace,United States
8918,Evelyn Castaneda,United States
6871,Jennifer Morales,United States
2775,Elizabeth Briggs,United States
4823,Cynthia Reynolds,United States
726,Christopher Taylor,United States
731,Nicole Schmidt,United States
4828,Sara Holland,United States
6877,Deanna Turner,United States
729,Kelsey Clarke,United States
6883,David Vazquez,United States
8932,Kyle Foley,United States
741,Terri Petersen,United States
6885,Steven Montgomery,United States
2793,Mary Lynch,United States
6890,Michael Douglas,United States
748,Thomas Jackson,United States
8946,Tonya Young,United States
757,Nancy Garrison,United States
4855,Jeffrey Wilson,United States
8952,Christopher Wheeler,United States
2807,Oscar Harrell,United States
4860,Francisco Flynn,United States
6909,Chris Vargas MD,United States
766,Susan Perez,United States
8956,Jeffrey Munoz,United States
770,Mariah Taylor,United States
6914,Eric Schultz,United States
8965,Samantha Lopez,United States
6917,Wesley Stewart,United States
8969,Nicole Tucker,United States
4874,Dr. Derrick Brewer,United States
777,Paul Villanueva,United States
2827,Kristin Sullivan,United States
4882,Michael Lawson,United States
6931,Cameron Sandoval,United States
790,Rachel Silva,United States
6934,Cody Stuart,United States
2840,Nicholas Cohen,United States
8986,Donald Rodriguez,United States
8987,Roger Pham,United States
4891,Lawrence Beltran,United States
8989,Stacy Russell,United States
4898,Karen Johnson,United States
8997,Brenda Warner,United States
4902,Nicole Perez,United States
6950,Thomas Orr,United States
4905,Richard Anderson,United States
2862,Elizabeth Sullivan,United States
815,Sandra Payne,United States
2864,Jill Daniels,United States
816,Stephanie Newman,United States
4918,Caroline Davis,United States
4922,Derek Lewis,United States
6973,Sharon Atkins,United States
9023,Paula Walter,United States
6979,Brittany Thomas,United States
4932,Brandy Carney,United States
6981,Abigail Hoover,United States
4934,Erin Potter,United States
9031,Daniel Hayes,United States
4936,Julie Fox,United States
6985,Jeffrey Frank,United States
4938,Kristen Stone,United States
6988,Briana Ross,United States
2896,Emily Suarez,United States
4946,Andrew Newman,United States
9043,Barry Adams,United States
6994,Todd Booth,United States
7000,Kevin Flores,United States
4954,Lisa Hunt,United States
4955,Jonathan Hardy,United States
9052,Holly Sparks,United States
858,Kenneth Alvarez,United States
4958,Randall Sanchez,United States
861,Jordan Villegas,United States
7008,Amanda Diaz,United States
4961,John Avila,United States
2914,Jennifer Shepherd,United States
9062,Martha Woods,United States
9063,Hailey Lang,United States
7016,Molly Weeks,United States
4969,Karen Barrett,United States
2921,Sandra Dominguez,United States
883,Lauren Lewis,United States
5875,Jesse Dean,United States
2942,Megan Carr,United States
2954,Garrett Jordan,United States
5002,Sharon Thomas,United States
2955,David James,United States
909,David Allen,United States
9101,Tanya Watson,United States
5007,Kyle Hanson,United States
7055,David Anthony,United States
5010,Christopher Bush,United States
7062,Stephanie Griffin,United States
7065,Christopher Howard,United States
9117,Robert Fernandez,United States
7073,Elizabeth Hill,United States
2981,Ryan Stewart,United States
933,Corey Gonzalez,United States
9126,Sarah Ellis,United States
2985,Dwayne Tucker,United States
5038,Sarah Newton,United States
5042,Melissa Brown,United States
947,Stephanie Cook,United States
5044,Derek Cortez,United States
9138,Joshua Perry,United States
951,Jaime Shah,United States
9145,Bobby Beltran,United States
9148,Katie Smith,United States
5057,Kayla Sosa,United States
3012,Wendy Santana,United States
3013,Andrew Davis,United States
7110,Emily Cabrera,United States
3015,Michelle Barton,United States
9158,Tammy Carr,United States
7113,Sierra Ramirez,United States
9168,Clinton Bean,United States
9171,Shawn Scott,United States
7124,Brianna Jensen,United States
3030,Chad Bridges,United States
5081,Tristan Gonzalez,United States
985,Heather Barrett,United States
5083,Nicole Figueroa,United States
986,Nathan Williamson,United States
3037,Diana George,United States
7134,Steven Holloway,United States
3038,Megan Barnes,United States
9184,Joshua Gordon,United States
7131,Mckenzie Bryant,United States
6302,Jessica Shepard,United States
9188,Denise Zimmerman,United States
1000,John Gomez,United States
7144,Diane Mitchell,United States
1001,Christopher Wilson,United States
9969,Marissa Black,United States
5102,Seth Herman,United States
9198,Dennis Gross,United States
3059,Rick Stevenson,United States
3060,William Bennett,United States
3063,Roy Price,United States
5112,Kirsten Barton,United States
1018,Laura Douglas,United States
5115,Jeremy Juarez,United States
1020,Christine Harris DVM,United States
3076,James Hunter,United States
1030,Matthew Johnson,United States
1031,Brandon Gray,United States
3080,Ronald Lewis,United States
7179,John Lee,United States
3088,Kayla Munoz,United States
1043,Kelly Oliver,United States
1046,Sharon Durham,United States
9239,Kaitlin Mccoy,United States
5143,Heather Baird,United States
3098,Michaela Johnson,United States
7197,Daniel Fleming,United States
3102,Briana Chavez,United States
9248,Donald Banks,United States
9251,Oscar Giles,United States
5156,Elizabeth Lambert,United States
1061,Samantha Wood,United States
7210,Anita Callahan,United States
3115,Shawn Vincent,United States
3119,Mr. Ryan Wood,United States
3120,Ashley Morris,United States
1075,Angela Mckee,United States
7219,Christina Phillips,United States
1078,Marilyn Rojas,United States
5175,Charles Jones,United States
9273,Brittney Lopez,United States
3130,Hannah Richards,United States
5178,Jessica Figueroa,United States
5180,Christopher Alexander,United States
3132,Jessica White,United States
7230,Paul Berry,United States
1087,Maria Garcia,United States
1088,Joseph Johnson DDS,United States
7238,Angelica Underwood,United States
3144,Dawn Hart,United States
5194,David Martinez,United States
7246,Tiffany Chan,United States
3150,Jonathan Mahoney,United States
7247,Darrell Mann,United States
9297,Shelby Lin,United States
9298,Sarah Cochran,United States
7253,Cassandra Garcia,United States
3159,Marcus Ray,United States
1115,Jason Williams,United States
9308,Ronald Hayes,United States
9309,David Russell,United States
5214,Victoria Delgado,United States
7274,Brandon Le,United States
1131,Joseph Chavez,United States
9324,Alexandra King,United States
7276,Kimberly Anderson,United States
9326,Keith Ferguson,United States
5226,Curtis Davis,United States
9330,Debra Owen,United States
7283,Reginald Miller,United States
3188,Alexander Church,United States
7284,Mark Wise,United States
5236,Patricia Mcdonald,United States
9335,Natasha Lee,United States
7287,Debra Franco,United States
7290,Christina Beard,United States
5243,Jared Franklin,United States
1146,Shane Benson,United States
3194,Dennis Mann,United States
9343,Mary Graham,United States
7296,Nathan Lee,United States
1152,Timothy Hayden,United States
1154,Hunter Le,United States
1155,Christopher Monroe,United States
5253,Jeffrey Diaz,United States
1161,Brandon Owen,United States
3211,Alan Lara,United States
7309,Jasmine Castillo,United States
3214,Nathan Henderson,United States
7313,Elizabeth Jackson,United States
7319,Caleb Barnett,United States
5272,Wayne Smith,United States
9368,George Bradford,United States
1179,Stephen Duncan,United States
7328,Christopher Cole,United States
1185,Aaron Rivera,United States
5283,Joshua Mason,United States
9385,Brandon Gardner,United States
5290,Antonio Mccall,United States
7339,Christopher Martin,United States
3244,Tanner Benson,United States
3243,Ronald Johnson,United States
7342,Tyler Garcia,United States
1199,Randy Clark,United States
3252,Crystal Brewer,United States
7348,Sara Lopez,United States
7349,Alejandra Fisher,United States
1208,Cynthia Reed,United States
9402,Mark Hines,United States
5306,Patrick Mckee,United States
1212,Reginald Lopez,United States
7357,Joel Day,United States
9404,Marco David,United States
5313,David Hendrix,United States
3266,Joseph Santana,United States
5316,James Graves,United States
5327,Casey Vasquez,United States
5328,Rebecca Wiley,United States
1234,Craig Harris,United States
7382,Carlos Miller MD,United States
9431,Kristen Austin,United States
9436,Jeffrey Stephens,United States
5340,Grace Melendez,United States
3296,Edward Duran,United States
1251,Rebecca Cole,United States
1252,Diane Haas,United States
7399,James Gutierrez,United States
3304,Melissa Bowman,United States
3303,John Morales,United States
3309,Jeffrey Roberts,United States
5357,Mr. Roger Hardin,United States
1263,Thomas Shannon,United States
5362,Tracy Bowen,United States
1276,Joshua Torres,United States
7421,Laurie Barton,United States
5372,Jeff Benjamin,United States
3329,Michael Branch,United States
3332,Alexander Morgan,United States
7429,Steven Wiley,United States
5382,Cassandra Munoz,United States
1286,William Smith,United States
3336,Susan Shelton,United States
7433,Cassie Sanders,United States
1290,Joseph Moore,United States
3342,Steven Guerrero,United States
1295,Nicholas Gross,United States
7439,James Willis,United States
3346,Peter Jones,United States
3350,Michelle Carter,United States
7448,Jordan Parker,United States
9497,Jamie Jones,United States
3355,Robert Davis,United States
1312,Eric Smith,United States
5409,Brittney Wheeler,United States
1314,Matthew Richards,United States
1318,Patrick Taylor,United States
7462,Michael Lawson,United States
5416,Christina Garcia,United States
7464,Mr. John Heath,United States
1322,Dr. Carol Garcia,United States
3370,Monica Henderson,United States
1323,Mark Mullen,United States
9516,Kristen Davis,United States
5418,Jamie Watson,United States
9518,Kristina Armstrong,United States
3376,Eric Knight,United States
7466,Larry Horn,United States
1332,Nancy Dunlap,United States
1333,Alisha Smith,United States
1334,Michael Clark,United States
3383,Charlotte Poole,United States
1337,Mary Hill,United States
9529,Charles Williams,United States
9536,Heather Burgess,United States
3395,Mark Shaw,United States
1349,Mark Flores DDS,United States
5448,Melissa Gomez,United States
5450,Brian Hill,United States
5451,Jasmine Kelly,United States
3405,Crystal Johnson,United States
7503,Kimberly Osborne,United States
9551,Dennis Garner,United States
3407,Bobby Rogers,United States
5458,Raymond Adams,United States
3409,Vanessa Fuentes,United States
7508,Cassidy Wood,United States
9558,Kelly Wilson,United States
1367,Seth Bishop Jr.,United States
5462,Michael Williams,United States
9559,Robert Moore,United States
7514,Jared Aguilar,United States
1370,Suzanne Johnson,United States
7510,Shannon Lopez,United States
7518,Mary Watkins,United States
3422,Tracey Reed,United States
5472,Ricky Barnes,United States
1376,Sean Perez,United States
5478,Shannon Trujillo,United States
1385,Stacy Winters,United States
1386,Kyle Estrada,United States
1387,Lisa Snyder,United States
3433,Candice Shelton,United States
9582,Jeremy Yu,United States
5488,Nicole King,United States
5489,Brooke Carroll,United States
9588,William Lopez,United States
5493,Danielle Sanders DDS,United States
1396,Erica Chandler,United States
3445,Bryan Jacobs III,United States
9591,Jaime Palmer,United States
7545,Mr. Travis Harris III,United States
3450,Jennifer Johnson,United States
1402,Justin Crane,United States
7548,Robert Johnson,United States
5503,Jean Ferguson,United States
7551,Kelly Peters,United States
9607,Stephanie Lane,United States
1417,Nicole Lawson,United States
9609,Jeffrey Robinson,United States
1419,Larry Fuller,United States
1424,Mrs. Sarah Dalton,United States
7569,Mrs. Tina King,United States
9618,Joseph Mcbride,United States
9619,Andrew Nielsen,United States
5522,Robert Santos,United States
5524,Elizabeth Anderson,United States
7570,Austin Morgan,United States
7576,John Miller,United States
5529,Brenda Owens,United States
9627,David Turner,United States
5535,Sierra Durham,United States
5541,Brian Garcia,United States
3497,Elizabeth Parker,United States
3498,Catherine Smith,United States
5562,Jennifer Chen,United States
1471,Scott Acevedo,United States
9663,Johnathan Bennett,United States
5568,Daniel Coleman,United States
3525,Debra Pacheco,United States
5574,Jack Marsh,United States
9671,David Murray,United States
5576,Gerald Robinson,United States
3529,Joshua Munoz,United States
1485,Carrie Guerrero,United States
3534,Timothy Bates,United States
3537,Mrs. Erica Murphy MD,United States
3538,April Barrett,United States
1491,Cody Abbott,United States
9684,Tyler Miller,United States
9683,Debbie Thornton,United States
1494,Patrick Myers,United States
7639,Mr. Charles Morse,United States
1499,Bryan Powell,United States
1501,Diana Ray,United States
7649,Samuel Yoder,United States
7653,Jennifer Jackson,United States
7654,Derek Morgan,United States
3559,Robert Green,United States
5608,Sydney Bryan,United States
1516,Mark Montoya,United States
7666,Megan Bryant,United States
3571,Sandy Rivera,United States
9716,Richard Turner,United States
3572,Brenda Thompson,United States
1528,David Martinez,United States
3578,Jessica Ward,United States
1531,Frank Gonzalez,United States
5630,Emily Crawford,United States
1535,William Gates,United States
3584,Victoria Humphrey,United States
3583,Alicia Cohen,United States
5635,Denise Mason,United States
5643,Ashley Gonzales,United States
9741,Jesse Mcgrath,United States
1553,Kristine Mclaughlin,United States
3605,Jason Franklin,United States
3606,Zachary Braun,United States
3607,Nathan Kirk,United States
7704,Karen Taylor,United States
7707,Samuel Phelps,United States
3612,Ashley Morris,United States
5659,Cory Brown,United States
9755,David Thompson,United States
5664,Tina Downs,United States
3618,Lisa Rollins,United States
7715,Christine Cortez,United States
3620,Courtney Smith,United States
3621,Adam Hernandez,United States
9766,Kent Anderson,United States
9768,Rachel Christensen,United States
9769,Paula Chavez,United States
7723,Katherine Lamb,United States
9772,Elizabeth Moody,United States
7725,Michael Spears,United States
9774,Nicole Mcfarland MD,United States
7727,Michelle Mullins,United States
3632,Patrick Carey,United States
9777,Melanie Calhoun,United States
5679,Connor Haney,United States
3630,Tammy Miller,United States
5686,Kathryn Hunter,United States
7735,Cathy Washington,United States
3639,Mr. Warren Wilson,United States
7744,Kelli Warner,United States
1602,Rachel Sharp DVM,United States
5699,Bridget Clark,United States
3650,Brett Bennett,United States
1606,Kenneth Boyd,United States
3655,Pamela Hudson,United States
9802,Anna Barnes,United States
7755,Nicole Lopez DDS,United States
9807,Michael Hill,United States
1617,Caroline Benitez,United States
1618,Brett Davis,United States
1620,Colin Graham,United States
7766,Gary Simmons,United States
5720,Austin Franklin,United States
1625,James Klein,United States
1628,Christopher Davis,United States
5731,Jimmy Conner,United States
3687,Caitlin Thomas,United States
9832,Latoya Frazier,United States
1641,Sergio Jones,United States
5739,William Mcdonald,United States
1648,Scott Lamb,United States
1649,Brian Roman,United States
7792,Edward Moore,United States
7793,Adriana Nguyen,United States
1653,Robert Evans,United States
9850,Kenneth Cain,United States
1662,Sean Hunt,United States
7807,Robert Ferguson,United States
7808,Susan Underwood,United States
7810,Michael Hoffman,United States
3714,Mrs. Angela Allen,United States
9861,William Robbins,United States
9862,Terri Johnson,United States
7815,Erin Kelly,United States
1671,Terry Brady,United States
9865,Emily Griffin,United States
5770,Courtney Sherman,United States
5768,Alexis Weiss,United States
1676,Wendy Marsh,United States
5775,Cindy Arellano,United States
9872,Robert Thompson,United States
1680,Christina Cordova,United States
5779,Noah Moore,United States
7832,Michelle Dean,United States
5784,Jared Estrada,United States
9882,Angela Lopez,United States
5791,Blake Rhodes,United States
5796,Austin Nguyen,United States
5797,Justin Franklin,United States
9895,Christopher Kemp,United States
5800,Leah Williams,United States
7849,Paula Lewis,United States
7851,Benjamin Banks,United States
5809,Carolyn Fischer,United States
1714,Earl Yang,United States
3762,Brittany Singleton,United States
1716,April Benitez,United States
9909,Eric Payne,United States
9906,Eric Berry,United States
3761,Gary Ramirez,United States
7868,Samantha Evans,United States
1725,Andrew Smith,United States
5822,Susan Morales,United States
1727,Robert Hudson,United States
9920,Aaron Vaughn,United States
3776,Austin Frank,United States
9921,Rebecca Anderson,United States
7879,Christopher Robinson,United States
7883,Amanda Williams,United States
9934,Douglas Kirby,United States
7886,Fernando Fisher,United States
5841,Jose Kelly,United States
3797,Andrew Vasquez,United States
7894,Amber Clayton,United States
7898,Nicholas Bradley,United States
5851,Curtis Carter,United States
7900,Nicholas Bauer,United States
1757,Nathan Hill,United States
5855,Rebecca Rodriguez,United States
9952,Rebecca Hardin,United States
3807,James Walker,United States
9954,Betty Welch,United States
3815,Melissa Cox,United States
1769,Luis Perez,United States
5866,Katelyn Armstrong,United States
3818,Brian Hobbs,United States
7918,Francis Anderson,United States
9967,Whitney Montgomery,United States
9966,Jason Smith,United States
5873,Brenda Robertson,United States
5874,Mary Nelson,United States
3826,Timothy Brown,United States
1780,Derek Rogers,United States
1779,Ryan Vasquez,United States
9971,Amy Baker,United States
3827,Dustin Rangel,United States
5880,William Gonzalez,United States
3828,Barbara Riggs,United States
1786,Tracy Reed,United States
3834,Shawn Caldwell,United States
9980,Melinda King,United States
5885,Kayla Doyle,United States
5886,Ashley Cantrell,United States
9990,Heather Hernandez,United States
9995,Nicholas Yates,United States
9996,Carrie Lam,United States
3855,Thomas Nielsen,United States
3858,Cynthia Woods,United States
7961,Jeffery Galvan,United States
5913,Whitney Conner,United States
1818,Robert Bell,United States
7965,Timothy Murray,United States
5919,Emma Lynch,United States
7969,Mr. Jason Marsh,United States
5925,Christopher Hines,United States
3877,Crystal Garrett,United States
1837,Mark Silva,United States
5934,Joshua Johnson,United States
7983,William Gutierrez,United States
1841,Stephen Sanchez,United States
7993,Ashley Wilson,United States
1858,Elizabeth Washington,United States
3909,Richard Velazquez,United States
8005,Chelsea Peterson,United States
5957,Sharon Cook,United States
8009,Ernest Snow,United States
3914,Patrick Hoffman,United States
8015,Nancy Woods,United States
8016,Tammy Snyder,United States
3922,Luis Clark,United States
1875,Jennifer Hunt,United States
3927,William Strong,United States
1882,Richard Haynes,United States
3931,Ronald Lloyd,United States
1884,Brent Michael,United States
1885,Phillip King,United States
3934,Nicholas Little,United States
8031,Monica Rowland,United States
8028,Michelle Harris,United States
1889,Mark Ryan,United States
8033,Larry Gardner,United States
1896,Emily Hamilton,United States
5993,Calvin Douglas,United States
1900,Tracey Molina,United States
1901,Zachary Miller,United States
3950,Jeffrey Newman,United States
1903,Donna Brown,United States
8058,Todd Lewis,United States
6011,Jodi Moore,United States
8060,Kenneth Frazier,United States
6012,Jacob Brown,United States
3966,Darrell Scott,United States
1919,Jade Pena,United States
1920,Matthew Hale,United States
6016,Miss Samantha Rowe,United States
8071,Patrick Mccarty,United States
8072,Brian Burke,United States
3978,Ryan Lara,United States
3981,Matthew Foster,United States
1935,Pamela Warren,United States
1936,Emma Boyd,United States
1937,Elijah Carter,United States
6034,Joseph Williams,United States
8085,Danielle Long,United States
8086,Elizabeth Martinez,United States
6040,Michael Scott,United States
1945,Debra Griffin,United States
3996,Rose Morris,United States
1948,Jeffrey Peterson,United States
6047,Brian Sanford,United States
6049,Sandra Garcia,United States
8101,Michael Smith,United States
8103,Alicia Goodman,United States
1961,Maxwell Smith,United States
8105,Denise Kent,United States
6064,Thomas Gonzalez,United States
8115,Lindsey Velez,United States
8116,Adrian Trevino,United States
1974,Teresa Schroeder,United States
8118,Michael Hernandez,United States
1979,Robert Ramirez,United States
6083,Theresa Miranda,United States
1988,Kristen Gibson,United States
1991,Brandon Noble,United States
6087,Kristen Rowe MD,United States
8136,Heather Reyes,United States
6088,Wesley Ware,United States
6091,Jonathan Flores,United States
1995,Manuel Flores,United States
8138,Mrs. Alicia Cole,United States
6095,Heather Gilbert,United States
8144,Katherine Griffin,United States
6102,Vincent Wilson,United States
8153,Jamie Conner,United States
8154,Linda Johnson,United States
4062,Adam Coffey,United States
4064,Christopher Garcia,United States
2018,Jennifer Brown,United States
6114,Anthony Scott,United States
2020,Patricia Carpenter,United States
8166,Felicia Silva,United States
8169,David Singh,United States
4075,Joseph Smith,United States
2029,Emma Warren,United States
4080,Michelle Wilson,United States
2036,Robert Ryan,United States
2038,Robert Allen,United States
4091,Johnny White III,United States
2044,Troy Phillips,United States
